exports[`test renders correctly 1`] = `
<View
  accessibilityComponentType={undefined}
  accessibilityLabel={undefined}
  accessibilityTraits={undefined}
  accessible={true}
  hitSlop={undefined}
  onLayout={undefined}
  onResponderGrant={[Function bound touchableHandleResponderGrant]}
  onResponderMove={[Function bound touchableHandleResponderMove]}
  onResponderRelease={[Function bound touchableHandleResponderRelease]}
  onResponderTerminate={[Function bound touchableHandleResponderTerminate]}
  onResponderTerminationRequest={[Function bound touchableHandleResponderTerminationRequest]}
  onStartShouldSetResponder={[Function bound touchableHandleStartShouldSetResponder]}
  style={
    Object {
      "flexDirection": "row",
      "opacity": 1
    }
  }
  testID={undefined}>
  <Text
    accessible={true}
    allowFontScaling={true}
    ellipsizeMode="tail"
    style={
      Array [
        Object {},
        undefined
      ]
    }>
    Delete
  </Text>
</View>
`;
